{
  "_type": "VAST",
  "ads": {
    "_type": "SortedList",
    "_value": [
    ]
  },
  "errors": [
  ],
  "version": "2.0"
}