{
  "version": "2.0",
  "errors": [],
  "ads": {
    "_type": "SortedList",
    "_value": [{
      "adTitle": "5748406",
      "categories": [],
      "surveys": [],
      "id": "preroll-1",
      "adSystem": {
        "name": "2.0",
        "_type": "AdSystem"
      },
      "impressions": [{
        "id": "blah",
        "uri": "http://b.scorecardresearch.com/b?C1=1&C2=6000003&C3=0000000200500000197000000&C4=us&C7=http://www.scanscout.com&C8=scanscout.com&C9=http://www.scanscout.com&C10=xn&rn=-103217130",
        "_type": "Impression"
      }],
      "errors": [],
      "adVerifications": [],
      "extensions": [],
      "creatives": {
        "_type": "SortedList",
        "_value": [{
          "universalAdId": {
            "idRegistry": "unknown",
            "idValue": "unknown",
            "_type": "UniversalAdId"
          },
          "creativeExtensions": [],
          "creativeAds": [{
            "duration": 30,
            "mediaFiles": {
              "mediaFileList": [{
                "delivery": "progressive",
                "type": "video/x-flv",
                "width": 600,
                "height": 396,
                "bitrate": 496,
                "uri": "http://media.scanscout.com/ads/partner1_a1d1fbbc-c4d4-419f-b6c8-e9db63fd4491.flv",
                "_type": "MediaFile"
              }],
              "interactiveCreativeFiles": [],
              "_type": "MediaFiles"
            },
            "videoClicks": {
              "customClicks": [],
              "clickThrough": {
                "id": "scanscout",
                "uri": "http://www.target.com",
                "_type": "Click"
              },
              "clickTrackings": [],
              "_type": "VideoClicks"
            },
            "trackingEvents": {
              "_type": "TrackingEvents",
              "_value": {
                "progress": [{
                  "uri": "http://myTrackingURL/nonlinear/progress",
                  "offset": {
                    "value": 5,
                    "_type": "AbsoluteTimeOffset"
                  },
                  "_type": "TrackingEvent"
                }]
              }
            },
            "icons": [],
            "_type": "Linear"
          }],
          "_type": "Creative"
        }, {
          "universalAdId": {
            "idRegistry": "unknown",
            "idValue": "unknown",
            "_type": "UniversalAdId"
          },
          "creativeExtensions": [],
          "creativeAds": [{
            "companions": [{
              "id": "555750",
              "width": 300,
              "height": 250,
              "resource": {
                "uri": "<A onClick=\"var i= new Image(1,1); i.src='http://app.scanscout.com/ssframework/log/log.png?a=logitemaction&RI=555750&CbC=1&CbF=true&EC=0&RC=0&SmC=2&CbM=1.0E-5&VI=736e6b13bad531dc476bc3612749bc35&admode=preroll&PRI=-4827170214961170629&RprC=0&ADsn=17&VcaI=192,197&RrC=1&VgI=736e6b13bad531dc476bc3612749bc35&AVI=142&Ust=ma&Uctry=us&CI=1223187&AC=4&PI=567&Udma=506&ADI=5748406&VclF=true';\" HREF=\"http://target.com\" target=\"_blank\">\n<IMG SRC=\"http://media.scanscout.com/ads/target300x250Companion.jpg\" BORDER=0 WIDTH=300 HEIGHT=250 ALT=\"Click Here\">\n</A>\n<img src=\"http://app.scanscout.com/ssframework/log/log.png?a=logitemaction&RI=555750&CbC=1&CbF=true&EC=1&RC=0&SmC=2&CbM=1.0E-5&VI=736e6b13bad531dc476bc3612749bc35&admode=preroll&PRI=-4827170214961170629&RprC=0&ADsn=17&VcaI=192,197&RrC=1&VgI=736e6b13bad531dc476bc3612749bc35&AVI=142&Ust=ma&Uctry=us&CI=1223187&AC=4&PI=567&Udma=506&ADI=5748406&VclF=true\" height=\"1\" width=\"1\">",
                "_type": "HTMLResource"
              },
              "companionClickTracking": [],
              "_type": "Companion"
            }],
            "_type": "CompanionAds"
          }],
          "_type": "Creative"
        }]
      },
      "_type": "InLine"
    }]
  },
  "_type": "VAST"
}
