{
  "_type": "VAST",
  "adPod": {
    "_type": "AdPod",
    "ads": {
      "_type": "SortedList",
      "_value": [
        {
          "_type": "InLine",
          "adSystem": {
            "_type": "AdSystem",
            "name": "iabtechlab",
            "version": "4.0"
          },
          "adTitle": "VAST 4.0 Pilot - Scenario 5",
          "categories": [
          ],
          "conditionalAd": "false",
          "creatives": {
            "_type": "SortedList",
            "_value": [
              {
                "_type": "Creative",
                "adID": "2447226",
                "extensions": [
                ],
                "id": "5480",
                "nonLinearAds": {
                  "_type": "NonLinearAds",
                  "nonLinears": [
                    {
                      "_type": "NonLinear",
                      "clickThrough": {
                        "_type": "Click",
                        "uri": "http://iabtechlab.com"
                      },
                      "clickTrackings": [
                        {
                          "_type": "Click",
                          "uri": "http://example.com/trackingurl/clickTracking"
                        }
                      ],
                      "resource": {
                        "_type": "StaticResource",
                        "creativeType": "image/png",
                        "uri": "http://mms.businesswire.com/media/20150623005446/en/473787/21/iab_tech_lab.jpg"
                      }
                    }
                  ]
                },
                "sequence": 1,
                "universalAdId": {
                  "_type": "UniversalAdId",
                  "creativeIdentifier": "8465",
                  "idRegistry": "Ad-ID",
                  "idValue": "8465"
                }
              }
            ]
          },
          "description": "VAST 4.0 sample tag for Non Linear ad (i.e Overlay ad). Change the StaticResources to have a tag with your own content. Change NonLinear tag's parameters accordingly to view desired results.",
          "errors": [
            "http://example.com/error"
          ],
          "extensions": [
            {
              "_type": "Extension",
              "type": "iab-Count",
              "xmlElement": "<Extension type=\"iab-Count\" xmlns=\"http://www.iab.com/VAST\">\n          <total_available>\n            <![CDATA[ 2 ]]>\n          </total_available>\n        </Extension>"
            }
          ],
          "id": "20005",
          "impressions": [
            {
              "_type": "Impression",
              "id": "Impression-ID",
              "uri": "http://example.com/track/impression"
            }
          ],
          "pricing": {
            "_type": "Pricing",
            "currency": "USD",
            "model": "cpm",
            "value": 25
          },
          "sequence": 1,
          "surveys": [
          ],
          "verifications": [
          ]
        }
      ]
    }
  },
  "ads": {
    "_type": "SortedList",
    "_value": [
    ]
  },
  "errors": [
  ],
  "version": "4.0"
}