{
  "_type": "VAST",
  "adPod": {
    "_type": "AdPod",
    "ads": {
      "_type": "SortedList",
      "_value": [
        {
          "_type": "InLine",
          "adSystem": {
            "_type": "AdSystem",
            "name": "iabtechlab",
            "version": "4.0"
          },
          "adTitle": "iabtechlab video ad",
          "categories": [
          ],
          "conditionalAd": "false",
          "creatives": {
            "_type": "SortedList",
            "_value": [
              {
                "_type": "Creative",
                "adID": "2447226",
                "extensions": [
                ],
                "id": "5480",
                "linear": {
                  "_type": "Linear",
                  "duration": 16,
                  "icons": [
                  ],
                  "mediaFiles": {
                    "_type": "MediaFiles",
                    "interactiveCreativeFiles": [
                      {
                        "_type": "InteractiveCreativeFile",
                        "uri": "http://pilot.iabtechlab.com/beacon?type=complete&imprid=s5-ea2f7f298e28c0c98374491aec3dfeb1&ts=4235"
                      }
                    ],
                    "mediaFiles": [
                      {
                        "_type": "MediaFile",
                        "bitrate": 2500,
                        "codec": "0",
                        "delivery": "progressive",
                        "height": 720,
                        "id": "5241",
                        "maintainAspectRatio": true,
                        "maxBitrate": 2500,
                        "minBitrate": 1800,
                        "scalable": true,
                        "type": "video/mp4",
                        "uri": "http://cdn.iabcdn.com/website/engineering/vast_4_0_pilot/vast_4.0_pilot-iab-hd.mp4",
                        "width": 1280
                      }
                    ],
                    "mezzanine": "http://pilot.iabtechlab.com/beacon?type=complete&imprid=s5-ea2f7f298e28c0c98374491aec3dfeb1&ts=4235"
                  },
                  "trackingEvents": {
                    "_type": "TrackingEvents",
                    "_value": {
                      "complete": [
                        {
                          "_type": "TrackingEvent",
                          "uri": "http://example.com/tracking/complete"
                        }
                      ],
                      "firstQuartile": [
                        {
                          "_type": "TrackingEvent",
                          "uri": "http://example.com/tracking/firstQuartile"
                        }
                      ],
                      "midpoint": [
                        {
                          "_type": "TrackingEvent",
                          "uri": "http://example.com/tracking/midpoint"
                        }
                      ],
                      "start": [
                        {
                          "_type": "TrackingEvent",
                          "offset": {
                            "_type": "AbsoluteTimeOffset",
                            "value": 37943
                          },
                          "uri": "http://example.com/tracking/start"
                        }
                      ],
                      "thirdQuartile": [
                        {
                          "_type": "TrackingEvent",
                          "uri": "http://example.com/tracking/thirdQuartile"
                        }
                      ]
                    }
                  },
                  "videoClicks": {
                    "_type": "VideoClicks",
                    "clickThrough": {
                      "_type": "Click",
                      "id": "blog",
                      "uri": "https://iabtechlab.com"
                    },
                    "clickTrackings": [
                    ],
                    "customClicks": [
                    ]
                  }
                },
                "sequence": 1,
                "universalAdId": {
                  "_type": "UniversalAdId",
                  "creativeIdentifier": "8465",
                  "idRegistry": "Ad-ID",
                  "idValue": "8465"
                }
              }
            ]
          },
          "errors": [
            "http://example.com/error"
          ],
          "extensions": [
            {
              "_type": "Extension",
              "type": "iab-Count",
              "xmlElement": "<Extension type=\"iab-Count\" xmlns=\"http://www.iab.com/VAST\">\n          <total_available>\n            <![CDATA[ 2 ]]>\n          </total_available>\n        </Extension>"
            }
          ],
          "id": "20001",
          "impressions": [
            {
              "_type": "Impression",
              "id": "Impression-ID",
              "uri": "http://example.com/track/impression"
            }
          ],
          "pricing": {
            "_type": "Pricing",
            "currency": "USD",
            "model": "cpm",
            "value": 25
          },
          "sequence": 1,
          "surveys": [
          ],
          "verifications": [
          ]
        }
      ]
    }
  },
  "ads": {
    "_type": "SortedList",
    "_value": [
    ]
  },
  "errors": [
  ],
  "version": "4.0"
}