{
  "version": "4.0",
  "errors": [],
  "ads": {
    "_type": "SortedList",
    "_value": []
  },
  "adPod": {
    "ads": {
      "_type": "SortedList",
      "_value": [{
        "adTitle": "iabtechlab video ad",
        "categories": [{
          "authority": "http://www.iabtechlab.com/categoryauthority",
          "code": "AD CONTENT description category",
          "_type": "Category"
        }],
        "surveys": [],
        "id": "20009",
        "conditionalAd": "false",
        "adSystem": {
          "version": "4.0",
          "name": "iabtechlab",
          "_type": "AdSystem"
        },
        "impressions": [{
          "id": "Impression-ID",
          "uri": "http://example.com/track/impression",
          "_type": "Impression"
        }],
        "pricing": {
          "model": "cpm",
          "currency": "USD",
          "value": 25,
          "_type": "Pricing"
        },
        "errors": ["http://example.com/error"],
        "adVerifications": [],
        "extensions": [{
          "type": "iab-Count",
          "xmlElement": "<Extension type=\"iab-Count\" xmlns=\"http://www.iab.com/VAST\">\n          <total_available>\n            <![CDATA[ 2 ]]>\n          </total_available>\n        </Extension>",
          "_type": "Extension"
        }],
        "creatives": {
          "_type": "SortedList",
          "_value": [{
            "id": "5480",
            "adID": "2447226",
            "universalAdId": {
              "idRegistry": "Ad-ID",
              "idValue": "8465",
              "creativeIdentifier": "8465",
              "_type": "UniversalAdId"
            },
            "creativeExtensions": [],
            "linear": {
              "duration": 16,
              "mediaFiles": {
                "mediaFileList": [{
                  "delivery": "progressive",
                  "type": "video/mp4",
                  "width": 1280,
                  "height": 720,
                  "codec": "0",
                  "id": "5241",
                  "bitrate": 2000,
                  "minBitrate": 1500,
                  "maxBitrate": 2500,
                  "scalable": true,
                  "maintainAspectRatio": true,
                  "uri": "https://iabtechlab.com/wp-content/uploads/2016/07/VAST-4.0-Short-Intro.mp4",
                  "_type": "MediaFile"
                }, {
                  "delivery": "progressive",
                  "type": "video/mp4",
                  "width": 854,
                  "height": 480,
                  "codec": "0",
                  "id": "5244",
                  "bitrate": 1000,
                  "minBitrate": 700,
                  "maxBitrate": 1500,
                  "scalable": true,
                  "maintainAspectRatio": true,
                  "uri": "http://example.com/mediafile/mid_resolution.mp4",
                  "_type": "MediaFile"
                }, {
                  "delivery": "progressive",
                  "type": "video/mp4",
                  "width": 640,
                  "height": 360,
                  "codec": "0",
                  "id": "5246",
                  "bitrate": 600,
                  "minBitrate": 500,
                  "maxBitrate": 700,
                  "scalable": true,
                  "maintainAspectRatio": true,
                  "uri": "http://example.com/mediafile/low_resolution.mp4",
                  "_type": "MediaFile"
                }],
                "interactiveCreativeFiles": [],
                "_type": "MediaFiles"
              },
              "videoClicks": {
                "customClicks": [],
                "clickThrough": {
                  "id": "blog",
                  "uri": "https://iabtechlab.com",
                  "_type": "Click"
                },
                "clickTrackings": [{
                  "uri": "http://myTrackingURL/clickTracking",
                  "_type": "Click"
                }],
                "_type": "VideoClicks"
              },
              "trackingEvents": {
                "_type": "TrackingEvents",
                "_value": {
                  "start": [{
                    "uri": "http://example.com/tracking/start",
                    "offset": {
                      "value": 35123,
                      "_type": "AbsoluteTimeOffset"
                    },
                    "_type": "TrackingEvent"
                  }],
                  "firstQuartile": [{
                    "uri": "http://example.com/tracking/firstQuartile",
                    "_type": "TrackingEvent"
                  }],
                  "midpoint": [{
                    "uri": "http://example.com/tracking/midpoint",
                    "_type": "TrackingEvent"
                  }],
                  "thirdQuartile": [{
                    "uri": "http://example.com/tracking/thirdQuartile",
                    "_type": "TrackingEvent"
                  }],
                  "complete": [{
                    "uri": "http://example.com/tracking/complete",
                    "_type": "TrackingEvent"
                  }]
                }
              },
              "icons": [],
              "_type": "Linear"
            },
            "sequence": 1,
            "_type": "Creative"
          }]
        },
        "sequence": 1,
        "_type": "InLine"
      }]
    },
    "_type": "AdPod"
  },
  "_type": "VAST"
}
