{
  "version": "4.0",
  "errors": [],
  "ads": {
    "_type": "SortedList",
    "_value": []
  },
  "adPod": {
    "ads": {
      "_type": "SortedList",
      "_value": [{
        "followAdditionalWrappers": false,
        "allowMultipleAds": true,
        "fallbackOnNoAd": false,
        "vastAdTagURI": "https://raw.githubusercontent.com/InteractiveAdvertisingBureau/VAST_Samples/master/VAST%204.0%20Samples/Inline_Companion_Tag-test.xml",
        "id": "20011",
        "conditionalAd": "false",
        "adSystem": {
          "version": "4.0",
          "name": "iabtechlab",
          "_type": "AdSystem"
        },
        "impressions": [{
          "id": "Impression-ID",
          "uri": "http://example.com/track/impression",
          "_type": "Impression"
        }],
        "errors": ["http://example.com/error"],
        "adVerifications": [],
        "extensions": [],
        "creatives": {
          "_type": "SortedList",
          "_value": [{
            "id": "5480",
            "adID": "2447226",
            "universalAdId": {
              "idRegistry": "unknown",
              "idValue": "unknown",
              "_type": "UniversalAdId"
            },
            "creativeExtensions": [],
            "creativeAds": [{
              "companions": [{
                "id": "1232",
                "width": 100,
                "height": 150,
                "assetWidth": "250",
                "assetHeight": "200",
                "expandedWidth": 350,
                "expandedHeight": 250,
                "apiFramework": "VPAID",
                "adSlotID": "3214",
                "pxratio": "1400",
                "resource": {
                  "creativeType": "image/png",
                  "uri": "https://www.iab.com/wp-content/uploads/2014/09/iab-tech-lab-6-644x290.png",
                  "_type": "StaticResource"
                },
                "companionClickThrough": {
                  "uri": "https://iabtechlab.com",
                  "_type": "Click"
                },
                "companionClickTracking": [],
                "_type": "Companion"
              }],
              "_type": "CompanionAds"
            }],
            "sequence": 1,
            "_type": "Creative"
          }]
        },
        "sequence": 1,
        "_type": "Wrapper"
      }]
    },
    "_type": "AdPod"
  },
  "_type": "VAST"
}
