{
  "_type": "VAST",
  "ads": {
    "_type": "SortedList",
    "_value": [
      {
        "_type": "Wrapper",
        "adSystem": {
          "_type": "AdSystem",
          "name": "Acudeo Compatible"
        },
        "allowMultipleAds": false,
        "creatives": {
          "_type": "SortedList",
          "_value": [
            {
              "_type": "Linear",
              "adID": "602867",
              "extensions": [
              ],
              "icons": [
              ],
              "mediaFiles": [
              ],
              "trackingEvents": {
                "_type": "TrackingEvents",
                "_value": {
                }
              },
              "videoClicks": {
                "_type": "VideoClicks",
                "clickTrackings": [
                ],
                "customClicks": [
                ]
              }
            },
            {
              "_type": "NonLinearAds",
              "adID": "602867-NonLinearTracking",
              "extensions": [
              ],
              "nonLinears": [
              ],
              "trackingEvents": {
                "_type": "TrackingEvents",
                "_value": {
                }
              }
            },
            {
              "_type": "CompanionAds",
              "adID": "602867-Companion",
              "companions": [
                {
                  "_type": "Companion",
                  "clickThrough": {
                    "_type": "Click",
                    "uri": "http://www.tremormedia.com"
                  },
                  "clickTrackings": [
                  ],
                  "height": 250,
                  "resource": {
                    "_type": "StaticResource",
                    "content": "http://demo.tremormedia.com/proddev/vast/300x250_banner1.jpg",
                    "creativeType": "image/jpeg"
                  },
                  "trackingEvents": {
                    "_type": "TrackingEvents",
                    "_value": {
                      "creativeView": [
                        {
                          "_type": "TrackingEvent",
                          "uri": "http://myTrackingURL/wrapper/firstCompanionCreativeView"
                        }
                      ]
                    }
                  },
                  "width": 300
                },
                {
                  "_type": "Companion",
                  "clickThrough": {
                    "_type": "Click",
                    "uri": "http://www.tremormedia.com"
                  },
                  "clickTrackings": [
                  ],
                  "height": 90,
                  "resource": {
                    "_type": "StaticResource",
                    "content": "http://demo.tremormedia.com/proddev/vast/728x90_banner1.jpg",
                    "creativeType": "image/jpeg"
                  },
                  "trackingEvents": {
                    "_type": "TrackingEvents",
                    "_value": {
                    }
                  },
                  "width": 728
                }
              ],
              "extensions": [
              ]
            }
          ]
        },
        "errors": [
        ],
        "extensions": [
        ],
        "fallbackOnNoAd": false,
        "followAdditionalWrappers": false,
        "id": "602867",
        "impressions": [
          {
            "_type": "Impression",
            "uri": "http://myTrackingURL/wrapper/impression"
          }
        ],
        "vastAdTagURI": "http://demo.tremormedia.com/proddev/vast/vast_inline_nonlinear3.xml"
      }
    ]
  },
  "errors": [
  ],
  "version": "2.0"
}