{
  "_type": "VAST",
  "ads": {
    "_type": "SortedList",
    "_value": [
      {
        "_type": "InLine",
        "adSystem": {
          "_type": "AdSystem",
          "name": "Acudeo Compatible"
        },
        "adTitle": "NonLinear Test Campaign 1",
        "creatives": {
          "_type": "SortedList",
          "_value": [
            {
              "_type": "NonLinearAds",
              "adID": "602678-NonLinear",
              "extensions": [
              ],
              "nonLinears": [
                {
                  "_type": "NonLinear",
                  "clickThrough": {
                    "_type": "Click",
                    "uri": "http://www.tremormedia.com"
                  },
                  "clickTrackings": [
                  ],
                  "height": 50,
                  "minSuggestedDuration": 15,
                  "resource": {
                    "_type": "StaticResource",
                    "content": "http://demo.tremormedia.com/proddev/vast/50x300_static.jpg",
                    "creativeType": "image/jpeg"
                  },
                  "width": 300
                },
                {
                  "_type": "NonLinear",
                  "clickThrough": {
                    "_type": "Click",
                    "uri": "http://www.tremormedia.com"
                  },
                  "clickTrackings": [
                  ],
                  "height": 50,
                  "minSuggestedDuration": 20,
                  "resource": {
                    "_type": "StaticResource",
                    "content": "http://demo.tremormedia.com/proddev/vast/50x450_static.jpg",
                    "creativeType": "image/jpeg"
                  },
                  "width": 450
                }
              ],
              "trackingEvents": {
                "_type": "TrackingEvents",
                "_value": {
                  "acceptInvitation": [
                    {
                      "_type": "TrackingEvent",
                      "uri": "http://myTrackingURL/nonlinear/acceptInvitation"
                    }
                  ],
                  "close": [
                    {
                      "_type": "TrackingEvent",
                      "uri": "http://myTrackingURL/nonlinear/close"
                    }
                  ],
                  "collapse": [
                    {
                      "_type": "TrackingEvent",
                      "uri": "http://myTrackingURL/nonlinear/collapse"
                    }
                  ],
                  "creativeView": [
                    {
                      "_type": "TrackingEvent",
                      "uri": "http://myTrackingURL/nonlinear/creativeView"
                    }
                  ],
                  "expand": [
                    {
                      "_type": "TrackingEvent",
                      "uri": "http://myTrackingURL/nonlinear/expand"
                    }
                  ]
                }
              }
            },
            {
              "_type": "CompanionAds",
              "adID": "602678-Companion",
              "companions": [
                {
                  "_type": "Companion",
                  "clickThrough": {
                    "_type": "Click",
                    "uri": "http://www.tremormedia.com"
                  },
                  "clickTrackings": [
                  ],
                  "height": 250,
                  "resource": {
                    "_type": "StaticResource",
                    "content": "http://demo.tremormedia.com/proddev/vast/300x250_companion_1.swf",
                    "creativeType": "application/x-shockwave-flash"
                  },
                  "trackingEvents": {
                    "_type": "TrackingEvents",
                    "_value": {
                    }
                  },
                  "width": 300
                },
                {
                  "_type": "Companion",
                  "clickThrough": {
                    "_type": "Click",
                    "uri": "http://www.tremormedia.com"
                  },
                  "clickTrackings": [
                  ],
                  "height": 90,
                  "resource": {
                    "_type": "StaticResource",
                    "content": "http://demo.tremormedia.com/proddev/vast/728x90_banner1.jpg",
                    "creativeType": "image/jpeg"
                  },
                  "trackingEvents": {
                    "_type": "TrackingEvents",
                    "_value": {
                      "creativeView": [
                        {
                          "_type": "TrackingEvent",
                          "uri": "http://myTrackingURL/secondCompanion"
                        }
                      ]
                    }
                  },
                  "width": 728
                }
              ],
              "extensions": [
              ]
            }
          ]
        },
        "description": "NonLinear Test Campaign 1",
        "errors": [
          "http://myErrorURL/error"
        ],
        "extensions": [
        ],
        "id": "602678",
        "impressions": [
          {
            "_type": "Impression",
            "uri": "http://myTrackingURL/impression"
          }
        ],
        "survey": "http://mySurveyURL/survey"
      }
    ]
  },
  "errors": [
  ],
  "version": "2.0"
}