{
  "version": "2.0",
  "errors": [],
  "ads": {
    "_type": "SortedList",
    "_value": [{
      "adTitle": "VAST 2.0 Instream Test 1",
      "categories": [],
      "description": "VAST 2.0 Instream Test 1",
      "surveys": [],
      "id": "601364",
      "adSystem": {
        "name": "Acudeo Compatible",
        "_type": "AdSystem"
      },
      "impressions": [{
        "uri": "http://myTrackingURL/impression",
        "_type": "Impression"
      }],
      "errors": ["http://myErrorURL/error"],
      "adVerifications": [],
      "extensions": [],
      "creatives": {
        "_type": "SortedList",
        "_value": [{
          "adID": "601364",
          "universalAdId": {
            "idRegistry": "unknown",
            "idValue": "unknown",
            "_type": "UniversalAdId"
          },
          "creativeExtensions": [],
          "creativeAds": [{
            "duration": 30,
            "mediaFiles": {
              "mediaFileList": [{
                "delivery": "progressive",
                "type": "video/x-flv",
                "width": 400,
                "height": 300,
                "bitrate": 500,
                "scalable": true,
                "maintainAspectRatio": true,
                "uri": "http://cdnp.tremormedia.com/video/acudeo/Carrot_400x300_500kb.flv",
                "_type": "MediaFile"
              }],
              "interactiveCreativeFiles": [],
              "_type": "MediaFiles"
            },
            "videoClicks": {
              "customClicks": [],
              "clickThrough": {
                "uri": "http://www.tremormedia.com",
                "_type": "Click"
              },
              "clickTrackings": [{
                "uri": "http://myTrackingURL/click",
                "_type": "Click"
              }],
              "_type": "VideoClicks"
            },
            "trackingEvents": {
              "_type": "TrackingEvents",
              "_value": {
                "creativeView": [{
                  "uri": "http://myTrackingURL/creativeView",
                  "_type": "TrackingEvent"
                }],
                "start": [{
                  "uri": "http://myTrackingURL/start",
                  "_type": "TrackingEvent"
                }],
                "midpoint": [{
                  "uri": "http://myTrackingURL/midpoint",
                  "_type": "TrackingEvent"
                }],
                "firstQuartile": [{
                  "uri": "http://myTrackingURL/firstQuartile",
                  "_type": "TrackingEvent"
                }],
                "thirdQuartile": [{
                  "uri": "http://myTrackingURL/thirdQuartile",
                  "_type": "TrackingEvent"
                }],
                "complete": [{
                  "uri": "http://myTrackingURL/complete",
                  "_type": "TrackingEvent"
                }]
              }
            },
            "icons": [],
            "_type": "Linear"
          }],
          "_type": "Creative"
        }, {
          "adID": "601364-Companion",
          "universalAdId": {
            "idRegistry": "unknown",
            "idValue": "unknown",
            "_type": "UniversalAdId"
          },
          "creativeExtensions": [],
          "creativeAds": [{
            "companions": [{
              "width": 300,
              "height": 250,
              "resource": {
                "creativeType": "image/jpeg",
                "uri": "http://demo.tremormedia.com/proddev/vast/Blistex1.jpg",
                "_type": "StaticResource"
              },
              "companionClickThrough": {
                "uri": "http://www.tremormedia.com",
                "_type": "Click"
              },
              "companionClickTracking": [],
              "trackingEvents": {
                "_type": "TrackingEvents",
                "_value": {
                  "creativeView": [{
                    "uri": "http://myTrackingURL/firstCompanionCreativeView",
                    "_type": "TrackingEvent"
                  }]
                }
              },
              "_type": "Companion"
            }, {
              "width": 728,
              "height": 90,
              "resource": {
                "creativeType": "image/jpeg",
                "uri": "http://demo.tremormedia.com/proddev/vast/728x90_banner1.jpg",
                "_type": "StaticResource"
              },
              "companionClickThrough": {
                "uri": "http://www.tremormedia.com",
                "_type": "Click"
              },
              "companionClickTracking": [],
              "_type": "Companion"
            }],
            "_type": "CompanionAds"
          }],
          "_type": "Creative"
        }]
      },
      "_type": "InLine"
    }]
  },
  "_type": "VAST"
}
