{
  "version": "2.0",
  "errors": [],
  "ads": {
    "_type": "SortedList",
    "_value": [
      {
        "followAdditionalWrappers": true,
        "allowMultipleAds": false,
        "vastAdTagURI": "http://demo.tremormedia.com/proddev/vast/vast_inline_linear.xml",
        "id": "602833",
        "adSystem": {
          "name": "Acudeo Compatible",
          "_type": "AdSystem"
        },
        "impressions": [
          {
            "uri": "http://myTrackingURL/wrapper/impression",
            "_type": "Impression"
          }
        ],
        "errors": [
          "http://myErrorURL/wrapper/error"
        ],
        "verifications": [],
        "extensions": [],
        "creatives": {
          "_type": "SortedList",
          "_value": [
            {
              "adID": "602833",
              "extensions": [],
              "linear": {
                "mediaFiles": [],
                "interactiveCreativeFiles": [],
                "trackingEvents": {
                  "_type": "TrackingEvents",
                  "_value": {
                    "creativeView": [
                      {
                        "uri": "http://myTrackingURL/wrapper/creativeView",
                        "_type": "TrackingEvent"
                      }
                    ],
                    "start": [
                      {
                        "uri": "http://myTrackingURL/wrapper/start",
                        "_type": "TrackingEvent"
                      }
                    ],
                    "midpoint": [
                      {
                        "uri": "http://myTrackingURL/wrapper/midpoint",
                        "_type": "TrackingEvent"
                      }
                    ],
                    "firstQuartile": [
                      {
                        "uri": "http://myTrackingURL/wrapper/firstQuartile",
                        "_type": "TrackingEvent"
                      }
                    ],
                    "thirdQuartile": [
                      {
                        "uri": "http://myTrackingURL/wrapper/thirdQuartile",
                        "_type": "TrackingEvent"
                      }
                    ],
                    "complete": [
                      {
                        "uri": "http://myTrackingURL/wrapper/complete",
                        "_type": "TrackingEvent"
                      }
                    ],
                    "mute": [
                      {
                        "uri": "http://myTrackingURL/wrapper/mute",
                        "_type": "TrackingEvent"
                      }
                    ],
                    "unmute": [
                      {
                        "uri": "http://myTrackingURL/wrapper/unmute",
                        "_type": "TrackingEvent"
                      }
                    ],
                    "pause": [
                      {
                        "uri": "http://myTrackingURL/wrapper/pause",
                        "_type": "TrackingEvent"
                      }
                    ],
                    "resume": [
                      {
                        "uri": "http://myTrackingURL/wrapper/resume",
                        "_type": "TrackingEvent"
                      }
                    ],
                    "fullscreen": [
                      {
                        "uri": "http://myTrackingURL/wrapper/fullscreen",
                        "_type": "TrackingEvent"
                      }
                    ]
                  }
                },
                "icons": [],
                "_type": "Linear"
              },
              "_type": "Creative"
            },
            {
              "extensions": [],
              "linear": {
                "mediaFiles": [],
                "interactiveCreativeFiles": [],
                "videoClicks": {
                  "customClicks": [],
                  "clickTrackings": [
                    {
                      "uri": "http://myTrackingURL/wrapper/click",
                      "_type": "Click"
                    }
                  ],
                  "_type": "VideoClicks"
                },
                "icons": [],
                "_type": "Linear"
              },
              "_type": "Creative"
            },
            {
              "adID": "602833-NonLinearTracking",
              "extensions": [],
              "nonLinearAds": {
                "nonLinears": [],
                "_type": "NonLinearAds"
              },
              "_type": "Creative"
            }
          ]
        },
        "_type": "Wrapper"
      }
    ]
  },
  "_type": "VAST"
}