{
  "version": "2.0",
  "errors": [],
  "ads": {
    "_type": "SortedList",
    "_value": [{
      "followAdditionalWrappers": true,
      "allowMultipleAds": false,
      "vastAdTagURI": "http://demo.tremormedia.com/proddev/vast/vast_inline_nonlinear2.xml",
      "id": "602867",
      "adSystem": {
        "name": "Acudeo Compatible",
        "_type": "AdSystem"
      },
      "impressions": [{
        "uri": "http://myTrackingURL/wrapper/impression",
        "_type": "Impression"
      }],
      "errors": ["http://myErrorURL/wrapper/error"],
      "adVerifications": [],
      "extensions": [],
      "creatives": {
        "_type": "SortedList",
        "_value": [{
          "adID": "602867",
          "universalAdId": {
            "idRegistry": "unknown",
            "idValue": "unknown",
            "_type": "UniversalAdId"
          },
          "creativeExtensions": [],
          "linear": {
            "mediaFiles": {
              "mediaFileList": [],
              "interactiveCreativeFiles": [],
              "_type": "MediaFiles"
            },
            "icons": [],
            "_type": "Linear"
          },
          "_type": "Creative"
        }, {
          "adID": "602867-NonLinearTracking",
          "universalAdId": {
            "idRegistry": "unknown",
            "idValue": "unknown",
            "_type": "UniversalAdId"
          },
          "creativeExtensions": [],
          "nonLinearAds": {
            "nonLinears": [],
            "trackingEvents": {
              "_type": "TrackingEvents",
              "_value": {
                "creativeView": [{
                  "uri": "http://myTrackingURL/wrapper/nonlinear/creativeView/creativeView",
                  "_type": "TrackingEvent"
                }],
                "expand": [{
                  "uri": "http://myTrackingURL/wrapper/nonlinear/creativeView/expand",
                  "_type": "TrackingEvent"
                }],
                "collapse": [{
                  "uri": "http://myTrackingURL/wrapper/nonlinear/creativeView/collapse",
                  "_type": "TrackingEvent"
                }],
                "acceptInvitation": [{
                  "uri": "http://myTrackingURL/wrapper/nonlinear/creativeView/acceptInvitation",
                  "_type": "TrackingEvent"
                }],
                "close": [{
                  "uri": "http://myTrackingURL/wrapper/nonlinear/creativeView/close",
                  "_type": "TrackingEvent"
                }]
              }
            },
            "_type": "NonLinearAds"
          },
          "_type": "Creative"
        }]
      },
      "_type": "Wrapper"
    }]
  },
  "_type": "VAST"
}
