{
  "_type": "VAST",
  "ads": {
    "_type": "SortedList",
    "_value": [
      {
        "_type": "Wrapper",
        "adSystem": {
          "_type": "AdSystem",
          "name": "Acudeo Compatible"
        },
        "allowMultipleAds": false,
        "creatives": {
          "_type": "SortedList",
          "_value": [
            {
              "_type": "Creative",
              "adID": "602833",
              "extensions": [
              ],
              "linear": {
                "_type": "Linear",
                "icons": [
                ],
                "mediaFiles": {
                  "_type": "MediaFiles",
                  "interactiveCreativeFiles": [
                  ],
                  "mediaFiles": [
                  ]
                }
              }
            },
            {
              "_type": "Creative",
              "adID": "602833-Companion",
              "companionAds": {
                "_type": "CompanionAds",
                "companions": [
                  {
                    "_type": "Companion",
                    "clickThrough": {
                      "_type": "Click",
                      "uri": "http://www.tremormedia.com"
                    },
                    "clickTrackings": [
                    ],
                    "height": 250,
                    "resource": {
                      "_type": "StaticResource",
                      "creativeType": "image/jpeg",
                      "uri": "http://demo.tremormedia.com/proddev/vast/300x250_banner1.jpg"
                    },
                    "trackingEvents": {
                      "_type": "TrackingEvents",
                      "_value": {
                        "creativeView": [
                          {
                            "_type": "TrackingEvent",
                            "uri": "http://myTrackingURL/wrapper/firstCompanionCreativeView"
                          }
                        ]
                      }
                    },
                    "width": 300
                  },
                  {
                    "_type": "Companion",
                    "clickThrough": {
                      "_type": "Click",
                      "uri": "http://www.tremormedia.com"
                    },
                    "clickTrackings": [
                    ],
                    "height": 90,
                    "resource": {
                      "_type": "StaticResource",
                      "creativeType": "image/jpeg",
                      "uri": "http://demo.tremormedia.com/proddev/vast/728x90_banner1.jpg"
                    },
                    "width": 728
                  }
                ]
              },
              "extensions": [
              ]
            }
          ]
        },
        "errors": [
        ],
        "extensions": [
        ],
        "followAdditionalWrappers": true,
        "id": "602833",
        "impressions": [
          {
            "_type": "Impression",
            "uri": "http://myTrackingURL/wrapper/impression"
          }
        ],
        "vastAdTagURI": "http://demo.tremormedia.com/proddev/vast/vast_inline_linear.xml",
        "verifications": [
        ]
      }
    ]
  },
  "errors": [
  ],
  "version": "2.0"
}