{
  "version": "2.0",
  "errors": [],
  "ads": {
    "_type": "SortedList",
    "_value": [
      {
        "adTitle": "5773100",
        "categories": [],
        "surveys": [],
        "id": "preroll-1",
        "adSystem": {
          "name": "2.0",
          "_type": "AdSystem"
        },
        "impressions": [],
        "errors": [],
        "verifications": [],
        "extensions": [],
        "creatives": {
          "_type": "SortedList",
          "_value": [
            {
              "extensions": [],
              "linear": {
                "duration": 1,
                "mediaFiles": [
                  {
                    "type": "application/x-shockwave-flash",
                    "width": 370,
                    "height": 270,
                    "uri": "http://static.scanscout.com/ads/vpaidad3.swf?adData=http%3A//app.scanscout.com/ssframework/adStreamJSController.xml%3Fa%3Dgetadscheduleforcontent%26PI%3D567%26scheduleVersion%3Dnull%26HI%3D567|preroll|7496075541100999745%26AI%3D0",
                    "_type": "MediaFile"
                  }
                ],
                "interactiveCreativeFiles": [],
                "icons": [],
                "_type": "Linear"
              },
              "_type": "Creative"
            },
            {
              "extensions": [],
              "companionAds": {
                "companions": [
                  {
                    "id": "573242",
                    "width": 300,
                    "height": 250,
                    "resource": {
                      "uri": "<A onClick=\"var i= new Image(1,1); i.src='http://app.scanscout.com/ssframework/log/log.png?a=logitemaction&RI=573242&CbC=1&CbF=true&EC=0&RC=0&SmC=2&CbM=1.0E-5&VI=44cfc3b2382300cb751ba129fe51f46a&admode=preroll&PRI=7496075541100999745&RprC=5&ADsn=20&VcaI=192,197&RrC=1&VgI=44cfc3b2382300cb751ba129fe51f46a&AVI=142&Ust=ma&Uctry=us&CI=1247549&AC=4&PI=567&Udma=506&ADI=5773100&VclF=true';\" HREF=\"http://vaseline.com\" target=\"_blank\">\n\t\t\t<IMG SRC=\"http://media.scanscout.com/ads/vaseline300x250Companion.jpg\" BORDER=0 WIDTH=300 HEIGHT=250 ALT=\"Click Here\">\n\t\t\t</A>\n\t\t\t<img src=\"http://app.scanscout.com/ssframework/log/log.png?a=logitemaction&RI=573242&CbC=1&CbF=true&EC=1&RC=0&SmC=2&CbM=1.0E-5&VI=44cfc3b2382300cb751ba129fe51f46a&admode=preroll&PRI=7496075541100999745&RprC=5&ADsn=20&VcaI=192,197&RrC=1&VgI=44cfc3b2382300cb751ba129fe51f46a&AVI=142&Ust=ma&Uctry=us&CI=1247549&AC=4&PI=567&Udma=506&ADI=5773100&VclF=true\" height=\"1\" width=\"1\">",
                      "_type": "HTMLResource"
                    },
                    "clickTrackings": [],
                    "_type": "Companion"
                  }
                ],
                "xmlElement": "<CompanionAds>\n            <Companion height=\"250\" width=\"300\" id=\"573242\">\n              <HTMLResource><![CDATA[<A onClick=\"var i= new Image(1,1); i.src='http://app.scanscout.com/ssframework/log/log.png?a=logitemaction&RI=573242&CbC=1&CbF=true&EC=0&RC=0&SmC=2&CbM=1.0E-5&VI=44cfc3b2382300cb751ba129fe51f46a&admode=preroll&PRI=7496075541100999745&RprC=5&ADsn=20&VcaI=192,197&RrC=1&VgI=44cfc3b2382300cb751ba129fe51f46a&AVI=142&Ust=ma&Uctry=us&CI=1247549&AC=4&PI=567&Udma=506&ADI=5773100&VclF=true';\" HREF=\"http://vaseline.com\" target=\"_blank\">\n\t\t\t<IMG SRC=\"http://media.scanscout.com/ads/vaseline300x250Companion.jpg\" BORDER=0 WIDTH=300 HEIGHT=250 ALT=\"Click Here\">\n\t\t\t</A>\n\t\t\t<img src=\"http://app.scanscout.com/ssframework/log/log.png?a=logitemaction&RI=573242&CbC=1&CbF=true&EC=1&RC=0&SmC=2&CbM=1.0E-5&VI=44cfc3b2382300cb751ba129fe51f46a&admode=preroll&PRI=7496075541100999745&RprC=5&ADsn=20&VcaI=192,197&RrC=1&VgI=44cfc3b2382300cb751ba129fe51f46a&AVI=142&Ust=ma&Uctry=us&CI=1247549&AC=4&PI=567&Udma=506&ADI=5773100&VclF=true\" height=\"1\" width=\"1\">]]>\n              </HTMLResource>\n            </Companion>\n          </CompanionAds>",
                "_type": "CompanionAds"
              },
              "_type": "Creative"
            }
          ]
        },
        "_type": "InLine"
      }
    ]
  },
  "_type": "VAST"
}