{
  "version": "2.0",
  "errors": [],
  "ads": {
    "_type": "SortedList",
    "_value": [
      {
        "followAdditionalWrappers": true,
        "allowMultipleAds": false,
        "vastAdTagURI": "http://demo.tremormedia.com/proddev/vast/vast_inline_nonlinear3.xml",
        "id": "602867",
        "adSystem": {
          "name": "Acudeo Compatible",
          "_type": "AdSystem"
        },
        "impressions": [
          {
            "uri": "http://myTrackingURL/wrapper/impression",
            "_type": "Impression"
          }
        ],
        "errors": [],
        "verifications": [],
        "extensions": [],
        "creatives": {
          "_type": "SortedList",
          "_value": [
            {
              "adID": "602867",
              "extensions": [],
              "linear": {
                "mediaFiles": [],
                "interactiveCreativeFiles": [],
                "icons": [],
                "_type": "Linear"
              },
              "_type": "Creative"
            },
            {
              "adID": "602867-NonLinearTracking",
              "extensions": [],
              "nonLinearAds": {
                "nonLinears": [],
                "_type": "NonLinearAds"
              },
              "_type": "Creative"
            },
            {
              "adID": "602867-Companion",
              "extensions": [],
              "companionAds": {
                "companions": [
                  {
                    "width": 300,
                    "height": 250,
                    "resource": {
                      "creativeType": "image/jpeg",
                      "uri": "http://demo.tremormedia.com/proddev/vast/300x250_banner1.jpg",
                      "_type": "StaticResource"
                    },
                    "clickThrough": {
                      "uri": "http://www.tremormedia.com",
                      "_type": "Click"
                    },
                    "clickTrackings": [],
                    "trackingEvents": {
                      "_type": "TrackingEvents",
                      "_value": {
                        "creativeView": [
                          {
                            "uri": "http://myTrackingURL/wrapper/firstCompanionCreativeView",
                            "_type": "TrackingEvent"
                          }
                        ]
                      }
                    },
                    "_type": "Companion"
                  },
                  {
                    "width": 728,
                    "height": 90,
                    "resource": {
                      "creativeType": "image/jpeg",
                      "uri": "http://demo.tremormedia.com/proddev/vast/728x90_banner1.jpg",
                      "_type": "StaticResource"
                    },
                    "clickThrough": {
                      "uri": "http://www.tremormedia.com",
                      "_type": "Click"
                    },
                    "clickTrackings": [],
                    "_type": "Companion"
                  }
                ],
                "xmlElement": "<CompanionAds>\n\t\t\t\t<Companion width=\"300\" height=\"250\">\n\t\t\t\t\t<StaticResource creativeType=\"image/jpeg\">http://demo.tremormedia.com/proddev/vast/300x250_banner1.jpg</StaticResource>\n\t\t\t\t\t<TrackingEvents>\n\t\t\t\t\t\t<Tracking event=\"creativeView\">http://myTrackingURL/wrapper/firstCompanionCreativeView</Tracking>\n\t\t\t\t\t</TrackingEvents>\n\t\t\t\t\t<CompanionClickThrough>http://www.tremormedia.com</CompanionClickThrough>\n\t\t\t\t</Companion>\n\t\t\t\t<Companion width=\"728\" height=\"90\">\n\t\t\t\t\t<StaticResource creativeType=\"image/jpeg\">http://demo.tremormedia.com/proddev/vast/728x90_banner1.jpg</StaticResource>\n\t\t\t\t\t<CompanionClickThrough>http://www.tremormedia.com</CompanionClickThrough>\n\t\t\t\t</Companion>\n\t\t\t</CompanionAds>",
                "_type": "CompanionAds"
              },
              "_type": "Creative"
            }
          ]
        },
        "_type": "Wrapper"
      }
    ]
  },
  "_type": "VAST"
}