{
  "version": "3.0",
  "errors": [],
  "ads": {
    "_type": "SortedList",
    "_value": [{
      "followAdditionalWrappers": true,
      "allowMultipleAds": false,
      "vastAdTagURI": "http://localhost/test/resources/vast/inlines/test_vast_inline_with-linear-ad.xml",
      "id": "1",
      "adSystem": {
        "version": "1.0",
        "name": "Test Ad Server",
        "_type": "AdSystem"
      },
      "impressions": [{
        "uri": "http://example.com/imp",
        "_type": "Impression"
      }, {
        "uri": "http://example.com/another-imp",
        "_type": "Impression"
      }],
      "errors": ["http://example.com/error/ERRORCODE"],
      "adVerifications": [],
      "extensions": [],
      "creatives": {
        "_type": "SortedList",
        "_value": [{
          "universalAdId": {
            "idRegistry": "unknown",
            "idValue": "unknown",
            "_type": "UniversalAdId"
          },
          "creativeExtensions": [],
          "creativeAds": [{
            "mediaFiles": {
              "mediaFileList": [],
              "interactiveCreativeFiles": [],
              "_type": "MediaFiles"
            },
            "videoClicks": {
              "customClicks": [],
              "clickTrackings": [{
                "id": "video_click",
                "uri": "http://example.com/linear-video-click",
                "_type": "Click"
              }, {
                "id": "post_video_click",
                "uri": "http://example.com/linear-post-video-click",
                "_type": "Click"
              }],
              "_type": "VideoClicks"
            },
            "trackingEvents": {
              "_type": "TrackingEvents",
              "_value": {
                "start": [{
                  "uri": "http://example.com/start",
                  "_type": "TrackingEvent"
                }]
              }
            },
            "icons": [],
            "_type": "Linear"
          }],
          "_type": "Creative"
        }]
      },
      "_type": "Wrapper"
    }]
  },
  "_type": "VAST"
}
