{
  "version": "3.0",
  "errors": [],
  "ads": {
    "_type": "SortedList",
    "_value": [{
      "followAdditionalWrappers": true,
      "allowMultipleAds": false,
      "vastAdTagURI": "http://localhost/test/resources/vast/inlines/vast_wrapper_with-linear-and-non-linear-ads.xml",
      "id": "1",
      "adSystem": {
        "version": "1.0",
        "name": "Test Ad Server",
        "_type": "AdSystem"
      },
      "impressions": [{
        "uri": "http://example.com/chained-imp?d=[CACHEBUSTER]",
        "_type": "Impression"
      }, {
        "uri": "http://example.com/chained-another-imp?d=[CACHEBUSTER]",
        "_type": "Impression"
      }],
      "errors": ["http://example.com/error/ERRORCODE"],
      "adVerifications": [],
      "extensions": [],
      "creatives": {
        "_type": "SortedList",
        "_value": [{
          "universalAdId": {
            "idRegistry": "unknown",
            "idValue": "unknown",
            "_type": "UniversalAdId"
          },
          "creativeExtensions": [],
          "creativeAds": [{
            "nonLinears": [{
              "nonLinearClickTracking": [{
                "uri": "http://example.com/chained-click",
                "_type": "Click"
              }],
              "_type": "NonLinear"
            }],
            "_type": "NonLinearAds"
          }],
          "_type": "Creative"
        }]
      },
      "_type": "Wrapper"
    }]
  },
  "_type": "VAST"
}
