{
  "_type": "VAST",
  "ads": {
    "_type": "SortedList",
    "_value": [
      {
        "_type": "Wrapper",
        "adSystem": {
          "_type": "AdSystem",
          "name": "Test Ad Server",
          "version": "1.0"
        },
        "allowMultipleAds": false,
        "creatives": {
          "_type": "SortedList",
          "_value": [
            {
              "_type": "Creative",
              "extensions": [
              ],
              "nonLinearAds": {
                "_type": "NonLinearAds",
                "nonLinears": [
                  {
                    "_type": "NonLinear",
                    "clickTrackings": [
                    ]
                  }
                ]
              }
            },
            {
              "_type": "Creative",
              "extensions": [
              ],
              "linear": {
                "_type": "Linear",
                "icons": [
                ],
                "interactiveCreativeFiles": [
                ],
                "mediaFiles": [
                ],
                "trackingEvents": {
                  "_type": "TrackingEvents",
                  "_value": {
                    "start": [
                      {
                        "_type": "TrackingEvent",
                        "uri": "http://example.com/start?d=[CACHEBUSTER]"
                      },
                      {
                        "_type": "TrackingEvent",
                        "uri": "http://example.com/start2?d=[CACHEBUSTER]"
                      }
                    ]
                  }
                }
              }
            }
          ]
        },
        "errors": [
          "http://example.com/error/ERRORCODE"
        ],
        "extensions": [
        ],
        "followAdditionalWrappers": true,
        "id": "1",
        "impressions": [
          {
            "_type": "Impression",
            "uri": "http://example.com/imp?d=[CACHEBUSTER]"
          },
          {
            "_type": "Impression",
            "uri": "http://example.com/another-imp?d=[CACHEBUSTER]"
          }
        ],
        "vastAdTagURI": "http://localhost/test/resources/vast/inlines/test_vast_inline_with-linear-ad.xml",
        "verifications": [
        ]
      }
    ]
  },
  "errors": [
  ],
  "version": "3.0"
}