{
  "_type": "VAST",
  "ads": {
    "_type": "SortedList",
    "_value": [
      {
        "_type": "Wrapper",
        "adSystem": {
          "_type": "AdSystem",
          "name": "UnrulyX",
          "version": "1.0"
        },
        "allowMultipleAds": false,
        "creatives": {
          "_type": "SortedList",
          "_value": [
          ]
        },
        "errors": [
        ],
        "extensions": [
        ],
        "followAdditionalWrappers": true,
        "impressions": [
          {
            "_type": "Impression",
            "uri": "http://test.stats3.unrulymedia.com/blank.gif?t=wrapper_imp&apid=75425&aid=2900&cid=6596&crid=14113&pid={pid}&ppid={spid}&autoplay=false&auto_unit=true"
          }
        ],
        "vastAdTagURI": "http://localhost/test/resources/vast/wrappers/vast_wrapper_with-chained-wrappers_innerwrapper.xml",
        "verifications": [
        ]
      }
    ]
  },
  "errors": [
  ],
  "version": "3.0"
}