{
  "version": "3.0",
  "errors": [],
  "ads": {
    "_type": "SortedList",
    "_value": [
      {
        "followAdditionalWrappers": true,
        "allowMultipleAds": false,
        "vastAdTagURI": "http://localhost/test/resources/vast/inlines/test_vast_inline_with-linear-ad.xml",
        "id": "1",
        "adSystem": {
          "version": "1.0",
          "name": "Test Ad Server",
          "_type": "AdSystem"
        },
        "impressions": [
          {
            "uri": "http://example.com/imp?d=[CACHEBUSTER]",
            "_type": "Impression"
          },
          {
            "uri": "http://example.com/another-imp?d=[CACHEBUSTER]",
            "_type": "Impression"
          }
        ],
        "errors": [
          "http://example.com/error/ERRORCODE"
        ],
        "verifications": [],
        "extensions": [],
        "creatives": {
          "_type": "SortedList",
          "_value": [
            {
              "extensions": [],
              "nonLinearAds": {
                "nonLinears": [
                  {
                    "clickTrackings": [
                      {
                        "uri": "http://example.com/click",
                        "_type": "Click"
                      }
                    ],
                    "_type": "NonLinear"
                  }
                ],
                "_type": "NonLinearAds"
              },
              "_type": "Creative"
            },
            {
              "extensions": [],
              "linear": {
                "mediaFiles": [],
                "interactiveCreativeFiles": [],
                "videoClicks": {
                  "customClicks": [],
                  "clickTrackings": [
                    {
                      "id": "video_click",
                      "uri": "http://example.com/linear-video-click",
                      "_type": "Click"
                    },
                    {
                      "id": "video_click",
                      "uri": "http://example.com/linear-video-click2",
                      "_type": "Click"
                    },
                    {
                      "id": "video_click",
                      "uri": "http://example.com/linear-video-click3",
                      "_type": "Click"
                    },
                    {
                      "id": "post_video_click",
                      "uri": "http://example.com/linear-post-video-click",
                      "_type": "Click"
                    },
                    {
                      "id": "post_video_click",
                      "uri": "http://example.com/linear-post-video-click2",
                      "_type": "Click"
                    }
                  ],
                  "_type": "VideoClicks"
                },
                "trackingEvents": {
                  "_type": "TrackingEvents",
                  "_value": {
                    "start": [
                      {
                        "uri": "http://example.com/start?d=[CACHEBUSTER]",
                        "_type": "TrackingEvent"
                      },
                      {
                        "uri": "http://example.com/start2?d=[CACHEBUSTER]",
                        "_type": "TrackingEvent"
                      }
                    ],
                    "firstQuartile": [
                      {
                        "uri": "http://example.com/q2?d=[CACHEBUSTER]",
                        "_type": "TrackingEvent"
                      }
                    ],
                    "midpoint": [
                      {
                        "uri": "http://example.com/q3?d=[CACHEBUSTER]",
                        "_type": "TrackingEvent"
                      }
                    ],
                    "thirdQuartile": [
                      {
                        "uri": "http://example.com/q4?d=[CACHEBUSTER]",
                        "_type": "TrackingEvent"
                      }
                    ],
                    "complete": [
                      {
                        "uri": "http://example.com/complete?d=[CACHEBUSTER]",
                        "_type": "TrackingEvent"
                      }
                    ]
                  }
                },
                "icons": [],
                "_type": "Linear"
              },
              "_type": "Creative"
            }
          ]
        },
        "_type": "Wrapper"
      }
    ]
  },
  "_type": "VAST"
}