{
  "version": "3.0",
  "errors": [],
  "ads": {
    "_type": "SortedList",
    "_value": [{
      "followAdditionalWrappers": true,
      "allowMultipleAds": false,
      "vastAdTagURI": "http://localhost/test/resources/vast/inlines/test_vast_inline_123.xml",
      "id": "1",
      "adSystem": {
        "version": "1.0",
        "name": "Test Ad Server",
        "_type": "AdSystem"
      },
      "impressions": [{
        "uri": "http://example.com/imp?d=[CACHEBUSTER]",
        "_type": "Impression"
      }, {
        "uri": "http://example.com/another-imp?d=[CACHEBUSTER]",
        "_type": "Impression"
      }],
      "errors": ["http://example.com/error/ERRORCODE"],
      "adVerifications": [],
      "extensions": [{
        "xmlElement": "<Extension>\n                    <CustomElement id=\"uuid\">customThing</CustomElement>\n                    <CustomArray>\n                        <CustomElement customId=\"stuff\">\n                            <![CDATA[customData]]>\n                        </CustomElement>\n                        <CustomElement customId=\"things\">\n                            <![CDATA[moreCustomData]]>\n                        </CustomElement>\n                    </CustomArray>\n                </Extension>",
        "_type": "Extension"
      }],
      "creatives": {
        "_type": "SortedList",
        "_value": [{
          "universalAdId": {
            "idRegistry": "unknown",
            "idValue": "unknown",
            "_type": "UniversalAdId"
          },
          "creativeExtensions": [],
          "creativeAds": [{
            "nonLinears": [{
              "nonLinearClickTracking": [{
                "uri": "http://example.com/click",
                "_type": "Click"
              }],
              "_type": "NonLinear"
            }],
            "_type": "NonLinearAds"
          }],
          "_type": "Creative"
        }]
      },
      "_type": "Wrapper"
    }]
  },
  "_type": "VAST"
}
