{
  "version": "2.0",
  "errors": [],
  "ads": {
    "_type": "SortedList",
    "_value": [
      {
        "followAdditionalWrappers": true,
        "allowMultipleAds": false,
        "vastAdTagURI": "http://ads",
        "id": "2057602",
        "impressions": [
          {
            "uri": "https://tags",
            "_type": "Impression"
          },
          {
            "uri": "https://pixel",
            "_type": "Impression"
          }
        ],
        "errors": [
          "https://pixel"
        ],
        "verifications": [],
        "extensions": [],
        "creatives": {
          "_type": "SortedList",
          "_value": [
            {
              "adID": "111",
              "extensions": [],
              "linear": {
                "mediaFiles": [],
                "interactiveCreativeFiles": [],
                "videoClicks": {
                  "customClicks": [],
                  "clickTrackings": [],
                  "_type": "VideoClicks"
                },
                "icons": [],
                "_type": "Linear"
              },
              "_type": "Creative"
            },
            {
              "adID": "111",
              "extensions": [],
              "companionAds": {
                "companions": [
                  {
                    "width": 0,
                    "height": 0,
                    "clickTrackings": [],
                    "_type": "Companion"
                  }
                ],
                "xmlElement": "<CompanionAds>\n                        <Companion height=\"0\" width=\"0\">\n                        </Companion>\n                    </CompanionAds>",
                "_type": "CompanionAds"
              },
              "_type": "Creative"
            },
            {
              "adID": "111",
              "extensions": [],
              "nonLinearAds": {
                "nonLinears": [],
                "_type": "NonLinearAds"
              },
              "_type": "Creative"
            }
          ]
        },
        "_type": "Wrapper"
      }
    ]
  },
  "_type": "VAST"
}