{
  "version": "3.0",
  "errors": [],
  "ads": {
    "_type": "SortedList",
    "_value": [
      {
        "followAdditionalWrappers": true,
        "allowMultipleAds": false,
        "id": "55217",
        "adSystem": {
          "version": "1.0",
          "name": "Test Ad Server",
          "_type": "AdSystem"
        },
        "impressions": [],
        "errors": [],
        "verifications": [],
        "extensions": [],
        "creatives": {
          "_type": "SortedList",
          "_value": []
        },
        "_type": "Wrapper"
      }
    ]
  },
  "_type": "VAST"
}