{
  "version": "3.0",
  "errors": [],
  "ads": {
    "_type": "SortedList",
    "_value": [{
      "followAdditionalWrappers": true,
      "allowMultipleAds": false,
      "vastAdTagURI": "http://localhost/test/resources/vast/inlines/test_vast_inline_with-linear-ad.xml",
      "id": "1",
      "adSystem": {
        "version": "1.0",
        "name": "Test Ad Server",
        "_type": "AdSystem"
      },
      "impressions": [{
        "uri": "http://example.com/imp?d=[CACHEBUSTER]",
        "_type": "Impression"
      }, {
        "uri": "http://example.com/another-imp?d=[CACHEBUSTER]",
        "_type": "Impression"
      }],
      "errors": ["http://example.com/error/ERRORCODE"],
      "adVerifications": [],
      "extensions": [{
        "xmlElement": "<Extension>\n                    <Property id=\"skid\">123</Property>\n                </Extension>",
        "_type": "Extension"
      }],
      "creatives": {
        "_type": "SortedList",
        "_value": [{
          "universalAdId": {
            "idRegistry": "unknown",
            "idValue": "unknown",
            "_type": "UniversalAdId"
          },
          "creativeExtensions": [],
          "nonLinearAds": {
            "nonLinears": [{
              "nonLinearClickTracking": [],
              "_type": "NonLinear"
            }],
            "_type": "NonLinearAds"
          },
          "_type": "Creative"
        }, {
          "universalAdId": {
            "idRegistry": "unknown",
            "idValue": "unknown",
            "_type": "UniversalAdId"
          },
          "creativeExtensions": [],
          "linear": {
            "mediaFiles": {
              "mediaFileList": [],
              "interactiveCreativeFiles": [],
              "_type": "MediaFiles"
            },
            "videoClicks": {
              "customClicks": [],
              "clickTrackings": [{
                "uri": "http://example.com/linear-click",
                "_type": "Click"
              }, {
                "uri": "http://example.com/linear-click2",
                "_type": "Click"
              }],
              "_type": "VideoClicks"
            },
            "trackingEvents": {
              "_type": "TrackingEvents",
              "_value": {
                "start": [{
                  "uri": "http://example.com/start?d=[CACHEBUSTER]",
                  "_type": "TrackingEvent"
                }, {
                  "uri": "http://example.com/start2?d=[CACHEBUSTER]",
                  "_type": "TrackingEvent"
                }]
              }
            },
            "icons": [],
            "_type": "Linear"
          },
          "_type": "Creative"
        }]
      },
      "_type": "Wrapper"
    }]
  },
  "_type": "VAST"
}
