{
  "_type": "VAST",
  "ads": {
    "_type": "SortedList",
    "_value": [
      {
        "_type": "Wrapper",
        "adSystem": {
          "_type": "AdSystem",
          "name": "Acudeo Compatible"
        },
        "allowMultipleAds": false,
        "creatives": {
          "_type": "SortedList",
          "_value": [
            {
              "_type": "Linear",
              "adID": "602833",
              "extensions": [
              ],
              "icons": [
              ],
              "mediaFiles": [
              ],
              "trackingEvents": {
                "_type": "TrackingEvents",
                "_value": {
                  "complete": [
                    {
                      "_type": "TrackingEvent",
                      "uri": "http://myTrackingURL/wrapper/complete"
                    }
                  ],
                  "creativeView": [
                    {
                      "_type": "TrackingEvent",
                      "uri": "http://myTrackingURL/wrapper/creativeView"
                    }
                  ],
                  "firstQuartile": [
                    {
                      "_type": "TrackingEvent",
                      "uri": "http://myTrackingURL/wrapper/firstQuartile"
                    }
                  ],
                  "fullscreen": [
                    {
                      "_type": "TrackingEvent",
                      "uri": "http://myTrackingURL/wrapper/fullscreen"
                    }
                  ],
                  "midpoint": [
                    {
                      "_type": "TrackingEvent",
                      "uri": "http://myTrackingURL/wrapper/midpoint"
                    }
                  ],
                  "mute": [
                    {
                      "_type": "TrackingEvent",
                      "uri": "http://myTrackingURL/wrapper/mute"
                    }
                  ],
                  "pause": [
                    {
                      "_type": "TrackingEvent",
                      "uri": "http://myTrackingURL/wrapper/pause"
                    }
                  ],
                  "resume": [
                    {
                      "_type": "TrackingEvent",
                      "uri": "http://myTrackingURL/wrapper/resume"
                    }
                  ],
                  "start": [
                    {
                      "_type": "TrackingEvent",
                      "uri": "http://myTrackingURL/wrapper/start"
                    }
                  ],
                  "thirdQuartile": [
                    {
                      "_type": "TrackingEvent",
                      "uri": "http://myTrackingURL/wrapper/thirdQuartile"
                    }
                  ],
                  "unmute": [
                    {
                      "_type": "TrackingEvent",
                      "uri": "http://myTrackingURL/wrapper/unmute"
                    }
                  ]
                }
              },
              "videoClicks": {
                "_type": "VideoClicks",
                "clickTrackings": [
                ],
                "customClicks": [
                ]
              }
            },
            {
              "_type": "Linear",
              "extensions": [
              ],
              "icons": [
              ],
              "mediaFiles": [
              ],
              "trackingEvents": {
                "_type": "TrackingEvents",
                "_value": {
                }
              },
              "videoClicks": {
                "_type": "VideoClicks",
                "clickTrackings": [
                  {
                    "_type": "Click",
                    "uri": "http://myTrackingURL/wrapper/click"
                  }
                ],
                "customClicks": [
                ]
              }
            },
            {
              "_type": "NonLinearAds",
              "adID": "602833-NonLinearTracking",
              "extensions": [
              ],
              "nonLinears": [
              ],
              "trackingEvents": {
                "_type": "TrackingEvents",
                "_value": {
                }
              }
            }
          ]
        },
        "errors": [
          "http://myErrorURL/wrapper/error"
        ],
        "extensions": [
        ],
        "fallbackOnNoAd": false,
        "followAdditionalWrappers": false,
        "id": "602833",
        "impressions": [
          {
            "_type": "Impression",
            "uri": "http://myTrackingURL/wrapper/impression"
          }
        ],
        "vastAdTagURI": "http://demo.tremormedia.com/proddev/vast/vast_inline_linear.xml"
      }
    ]
  },
  "errors": [
  ],
  "version": "2.0"
}