{
  "_type": "VAST",
  "ads": {
    "_type": "SortedList",
    "_value": [
      {
        "_type": "Wrapper",
        "adSystem": {
          "_type": "AdSystem",
          "name": "Test Ad Server",
          "version": "1.0"
        },
        "allowMultipleAds": false,
        "creatives": {
          "_type": "SortedList",
          "_value": [
            {
              "_type": "NonLinearAds",
              "extensions": [
              ],
              "nonLinears": [
                {
                  "_type": "NonLinear",
                  "clickTrackings": [
                  ]
                }
              ],
              "trackingEvents": {
                "_type": "TrackingEvents",
                "_value": {
                }
              }
            },
            {
              "_type": "Linear",
              "extensions": [
              ],
              "icons": [
              ],
              "mediaFiles": [
              ],
              "trackingEvents": {
                "_type": "TrackingEvents",
                "_value": {
                  "start": [
                    {
                      "_type": "TrackingEvent",
                      "uri": "http://example.com/start?d=[CACHEBUSTER]"
                    },
                    {
                      "_type": "TrackingEvent",
                      "uri": "http://example.com/start2?d=[CACHEBUSTER]"
                    }
                  ]
                }
              },
              "videoClicks": {
                "_type": "VideoClicks",
                "clickTrackings": [
                  {
                    "_type": "Click",
                    "uri": "http://example.com/linear-click"
                  },
                  {
                    "_type": "Click",
                    "uri": "http://example.com/linear-click2"
                  }
                ],
                "customClicks": [
                ]
              }
            }
          ]
        },
        "errors": [
          "http://example.com/error/ERRORCODE"
        ],
        "extensions": [
          {
            "_type": "Extension",
            "content": "<Extension>\n                    <Property id=\"skid\">123</Property>\n                </Extension>"
          }
        ],
        "fallbackOnNoAd": false,
        "followAdditionalWrappers": false,
        "id": "1",
        "impressions": [
          {
            "_type": "Impression",
            "uri": "http://example.com/imp?d=[CACHEBUSTER]"
          },
          {
            "_type": "Impression",
            "uri": "http://example.com/another-imp?d=[CACHEBUSTER]"
          }
        ],
        "sequence": 1,
        "vastAdTagURI": "http://localhost/test/resources/vast/inlines/test_vast_inline_with-linear-ad.xml"
      }
    ]
  },
  "errors": [
  ],
  "version": "3.0"
}