{
  "version": "3.0",
  "errors": [],
  "ads": {
    "_type": "SortedList",
    "_value": [{
      "adTitle": "Sample title",
      "categories": [],
      "description": "Test description #hashtag",
      "surveys": [],
      "id": "1",
      "adSystem": {
        "version": "1.0",
        "name": "Test Ad Server",
        "_type": "AdSystem"
      },
      "impressions": [],
      "errors": [],
      "adVerifications": [],
      "extensions": [{
        "xmlElement": "<Extension>\n                    <DisclosureMessage>\n                        <![CDATA[Promoted video]]>\n                    </DisclosureMessage>\n                </Extension>",
        "_type": "Extension"
      }, {
        "xmlElement": "<Extension>\n                    <CustomExtension>\n                        <![CDATA[Hello]]>\n                    </CustomExtension>\n                </Extension>",
        "_type": "Extension"
      }],
      "creatives": {
        "_type": "SortedList",
        "_value": [{
          "universalAdId": {
            "idRegistry": "unknown",
            "idValue": "unknown",
            "_type": "UniversalAdId"
          },
          "extensions": [],
          "ads": [{
            "nonLinears": [{
              "width": 0,
              "height": 0,
              "resource": {
                "creativeType": "image/jpeg",
                "uri": "http://example.com/sample.jpg",
                "_type": "StaticResource"
              },
              "clickThrough": {
                "uri": "https://example.com/article",
                "_type": "Click"
              },
              "clickTrackings": [],
              "_type": "NonLinear"
            }],
            "_type": "NonLinearAds"
          }],
          "_type": "Creative"
        }, {
          "universalAdId": {
            "idRegistry": "unknown",
            "idValue": "unknown",
            "_type": "UniversalAdId"
          },
          "extensions": [],
          "ads": [{
            "duration": 40,
            "mediaFiles": {
              "mediaFiles": [{
                "delivery": "streaming",
                "type": "video/mp4",
                "width": 480,
                "height": 608,
                "uri": "http://example.com/videos/sample.mp4",
                "_type": "MediaFile"
              }],
              "interactiveCreativeFiles": [],
              "_type": "MediaFiles"
            },
            "icons": [],
            "_type": "Linear"
          }],
          "_type": "Creative"
        }]
      },
      "_type": "InLine"
    }]
  },
  "_type": "VAST"
}
