{
  "version": "3.0",
  "errors": [],
  "ads": {
    "_type": "SortedList",
    "_value": [
      {
        "adTitle": "Sample title",
        "categories": [],
        "description": "Test description #hashtag",
        "surveys": [],
        "id": "1",
        "adSystem": {
          "version": "1.0",
          "name": "Test Ad Server",
          "_type": "AdSystem"
        },
        "impressions": [],
        "errors": [],
        "verifications": [],
        "extensions": [],
        "creatives": {
          "_type": "SortedList",
          "_value": [
            {
              "extensions": [],
              "nonLinearAds": {
                "nonLinears": [
                  {
                    "width": 0,
                    "height": 0,
                    "resource": {
                      "creativeType": "image/jpeg",
                      "uri": "http://example.com/sample.jpg",
                      "_type": "StaticResource"
                    },
                    "clickThrough": {
                      "uri": "https://example.com/banner.html",
                      "_type": "Click"
                    },
                    "clickTrackings": [],
                    "_type": "NonLinear"
                  }
                ],
                "_type": "NonLinearAds"
              },
              "_type": "Creative"
            },
            {
              "extensions": [],
              "linear": {
                "duration": 5,
                "mediaFiles": [
                  {
                    "delivery": "streaming",
                    "type": "video/mp4",
                    "width": 480,
                    "height": 608,
                    "uri": "http://example.com/video.mp4",
                    "_type": "MediaFile"
                  }
                ],
                "interactiveCreativeFiles": [],
                "adParameters": "{\"testString\":\"an ad parameter string\",\"testBoolean\":false,\"test\n                            \n                            \n                            Number\":1345680,\"testURL\":\"http://example.com\",\"testURLWithParams\":\"http\n                            \n                            \n                            %3A%2F%2Fexample.com%3Fparam1%3Dtrue%26param2%3Dfalse\",\"testArray\":[\"e\n                            \n                            \n                            lement1\",\"element2\"],\"testArrayWithObjects\":[{\"key\":\"value\"},{\"key\":\"value\"}]}",
                "videoClicks": {
                  "customClicks": [],
                  "clickThrough": {
                    "uri": "http://example.com/linear-video-clickthrough",
                    "_type": "Click"
                  },
                  "clickTrackings": [
                    {
                      "id": "video_click",
                      "uri": "http://example.com/inline/linear-video-click",
                      "_type": "Click"
                    },
                    {
                      "id": "post_video_click",
                      "uri": "http://example.com/inline/linear-post-video-click",
                      "_type": "Click"
                    }
                  ],
                  "_type": "VideoClicks"
                },
                "icons": [],
                "_type": "Linear"
              },
              "_type": "Creative"
            }
          ]
        },
        "_type": "InLine"
      }
    ]
  },
  "_type": "VAST"
}