{
  "_type": "VAST",
  "ads": {
    "_type": "SortedList",
    "_value": [
      {
        "_type": "InLine",
        "adSystem": {
          "_type": "AdSystem",
          "name": "Test Ad Server",
          "version": "1.0"
        },
        "adTitle": "Sample title",
        "categories": [
        ],
        "creatives": {
          "_type": "SortedList",
          "_value": [
            {
              "_type": "Creative",
              "extensions": [
              ],
              "nonLinearAds": {
                "_type": "NonLinearAds",
                "nonLinears": [
                  {
                    "_type": "NonLinear",
                    "clickThrough": {
                      "_type": "Click",
                      "uri": "https://example.com/article"
                    },
                    "clickTrackings": [
                    ],
                    "height": 0,
                    "resource": {
                      "_type": "StaticResource",
                      "creativeType": "image/jpeg",
                      "uri": "http://example.com/sample.jpg"
                    },
                    "width": 0
                  }
                ]
              },
              "universalAdId": {
                "_type": "UniversalAdId",
                "idRegistry": "unknown",
                "idValue": "unknown"
              }
            },
            {
              "_type": "Creative",
              "extensions": [
              ],
              "linear": {
                "_type": "Linear",
                "duration": 40,
                "icons": [
                ],
                "mediaFiles": {
                  "_type": "MediaFiles",
                  "interactiveCreativeFiles": [
                  ],
                  "mediaFiles": [
                    {
                      "_type": "MediaFile",
                      "delivery": "streaming",
                      "height": 608,
                      "type": "video/mp4",
                      "uri": "http://example.com/videos/sample.mp4",
                      "width": 480
                    }
                  ]
                }
              },
              "universalAdId": {
                "_type": "UniversalAdId",
                "idRegistry": "unknown",
                "idValue": "unknown"
              }
            }
          ]
        },
        "description": "Test description #hashtag",
        "errors": [
        ],
        "extensions": [
          {
            "_type": "Extension",
            "xmlElement": "<Extension>\n                    <DisclosureMessage>\n                        <![CDATA[Promoted video]]>\n                    </DisclosureMessage>\n                </Extension>"
          }
        ],
        "id": "1",
        "impressions": [
        ],
        "surveys": [
        ],
        "verifications": [
        ]
      }
    ]
  },
  "errors": [
  ],
  "version": "3.0"
}